P,urn:nasa:pds:hst_09059:data_acs_raw:j6gp01lzq_raw::1.5
