<?xml version="1.0"?>
<?xml-model href="https://pds.nasa.gov/pds4/pds/v1/PDS4_PDS_1F00.sch" schematypens="http://purl.oclc.org/dsdl/schematron"?>
<Product_Context xmlns="http://pds.nasa.gov/pds4/pds/v1" xmlns:pds="http://pds.nasa.gov/pds4/pds/v1" xmlns:xsi="http://www.w3.org/2001/XMLSchema-instance" xsi:schemaLocation="http://pds.nasa.gov/pds4/pds/v1 https://pds.nasa.gov/pds4/pds/v1/PDS4_PDS_1F00.xsd">
  <Identification_Area>
    <logical_identifier>urn:nasa:pds:context:target:asteroid.6478_gault</logical_identifier>
    <version_id>1.0</version_id>
    <title>6478 Gaul</title>
    <information_model_version>1.15.0.0</information_model_version>
    <product_class>Product_Context</product_class>
    <Alias_List>
      <Alias>
        <alternate_title>(6478) Gault</alternate_title>
      </Alias>
      <Alias>
        <alternate_title>(6478) 1988 JC1</alternate_title>
      </Alias>
      <Alias>
        <alternate_title>1988 JC1</alternate_title>
      </Alias>
      <Alias>
        <alternate_title>(6478) 1995 KC1</alternate_title>
      </Alias>
      <Alias>
        <alternate_title>1995 KC1</alternate_title>
      </Alias>
      <Alias>
        <alternate_title>Gault</alternate_title>
      </Alias>
      <Alias>
        <alternate_title>Minor Planet 6478</alternate_title>
      </Alias>
      <Alias>
        <alternate_title>NAIF ID 2006478</alternate_title>
      </Alias>
    </Alias_List>
    <Modification_History>
      <Modification_Detail>
        <modification_date>2016-04-20</modification_date>
        <version_id>1.0</version_id>
        <description>Initial PDS4 version</description>
      </Modification_Detail>
    </Modification_History>
  </Identification_Area>
  <Target>
    <name>6478 Gaul</name>
    <type>Asteroid</type>
    <description>
        None
    </description>
  </Target>
</Product_Context>
