<?xml version="1.0"?>
<?xml-model href="https://pds.nasa.gov/pds4/pds/v1/PDS4_PDS_1F00.sch" schematypens="http://purl.oclc.org/dsdl/schematron"?>
<?xml-model href="https://pds.nasa.gov/pds4/mission/hst/v1/PDS4_HST_1D00_1000.sch" schematypens="http://purl.oclc.org/dsdl/schematron"?>
<Product_Observational xmlns="http://pds.nasa.gov/pds4/pds/v1" xmlns:pds="http://pds.nasa.gov/pds4/pds/v1" xmlns:hst="http://pds.nasa.gov/pds4/mission/hst/v1" xmlns:xsi="http://www.w3.org/2001/XMLSchema-instance" xsi:schemaLocation="http://pds.nasa.gov/pds4/pds/v1 https://pds.nasa.gov/pds4/pds/v1/PDS4_PDS_1F00.xsd http://pds.nasa.gov/pds4/mission/hst/v1 https://pds.nasa.gov/pds4/mission/hst/v1/PDS4_HST_1D00_1000.xsd">
  <Identification_Area>
    <logical_identifier>urn:nasa:pds:hst_13012:data_acs_raw:jbz504eoq</logical_identifier>
    <version_id>1.0</version_id>
    <title>Raw, uncalibrated ACS/SBC image file jbz504eoq_raw.fits from HST Program 13012.</title>
    <information_model_version>1.15.0.0</information_model_version>
    <product_class>Product_Observational</product_class>
    <Modification_History>
      <Modification_Detail>
        <modification_date>2016-04-20</modification_date>
        <version_id>1.0</version_id>
        <description>Initial PDS4 version</description>
      </Modification_Detail>
    </Modification_History>
  </Identification_Area>
  <Observation_Area>
    <Time_Coordinates>
      <start_date_time>2012-09-27T20:23:28Z</start_date_time>
      <stop_date_time>2012-09-27T20:27:58Z</stop_date_time>
    </Time_Coordinates>
    <Primary_Result_Summary>
      <purpose>Science</purpose>
      <processing_level>Raw</processing_level>
      <description>Raw, uncalibrated ACS/SBC image file jbz504eoq_raw.fits from HST Program 13012.</description>
      <Science_Facets>
        <wavelength_range>Ultraviolet</wavelength_range>
        <wavelength_range>Visible</wavelength_range>
        <wavelength_range>Near Infrared</wavelength_range>
        <wavelength_range>Infrared</wavelength_range>
        <discipline_name>Ring-Moon Systems</discipline_name>
      </Science_Facets>
    </Primary_Result_Summary>
    <Investigation_Area>
      <name>HST observing program 13012</name>
      <type>Individual Investigation</type>
      <Internal_Reference>
        <lidvid_reference>urn:nasa:pds:context:investigation:individual.hst_13012::1.0</lidvid_reference>
        <reference_type>data_to_investigation</reference_type>
      </Internal_Reference>
    </Investigation_Area>
    <Observing_System>
      <name>Hubble Space Telescope Advanced Camera for Surveys</name>
      <Observing_System_Component>
        <name>Hubble Space Telescope</name>
        <type>Host</type>
        <Internal_Reference>
          <lid_reference>urn:nasa:pds:context:instrument_host:spacecraft.hst</lid_reference>
          <reference_type>is_instrument_host</reference_type>
        </Internal_Reference>
      </Observing_System_Component>
      <Observing_System_Component>
        <name>Advanced Camera for Surveys</name>
        <type>Instrument</type>
        <Internal_Reference>
          <lid_reference>urn:nasa:pds:context:instrument:hst.acs</lid_reference>
          <reference_type>is_instrument</reference_type>
        </Internal_Reference>
      </Observing_System_Component>
    </Observing_System>
    <Target_Identification>
      <name>Uranus</name>
      <type>Planet</type>
      <Internal_Reference>
        <lid_reference>urn:nasa:pds:context:target:planet.uranus</lid_reference>
        <reference_type>data_to_target</reference_type>
      </Internal_Reference>
    </Target_Identification>
    <Mission_Area>
      <hst:HST_Parameters>
        <hst:Program_Parameters>
          <hst:mast_observation_id>jbz504eoq</hst:mast_observation_id>
          <hst:hst_proposal_id>13012</hst:hst_proposal_id>
          <hst:hst_pi_name>Lamy, Laurent</hst:hst_pi_name>
        </hst:Program_Parameters>
        <hst:Instrument_Parameters>
          <hst:instrument_id>ACS</hst:instrument_id>
          <hst:channel_id>SBC</hst:channel_id>
          <hst:detector_id>SBC</hst:detector_id>
          <hst:observation_type>IMAGING</hst:observation_type>
        </hst:Instrument_Parameters>
        <hst:Pointing_Parameters>
          <hst:hst_target_name>URANUS</hst:hst_target_name>
          <hst:moving_target_flag>true</hst:moving_target_flag>
          <hst:moving_target_keywords>PLANET</hst:moving_target_keywords>
          <hst:moving_target_keywords>PLANET URANUS</hst:moving_target_keywords>
          <hst:moving_target_description>Not applicable</hst:moving_target_description>
          <hst:aperture_name>SBC</hst:aperture_name>
          <hst:proposed_aperture_name>SBC</hst:proposed_aperture_name>
          <hst:targeted_detector_id>SBC</hst:targeted_detector_id>
        </hst:Pointing_Parameters>
        <hst:Tracking_Parameters>
          <hst:fine_guidance_sensor_lock_type>FINE</hst:fine_guidance_sensor_lock_type>
          <hst:gyroscope_mode>3</hst:gyroscope_mode>
        </hst:Tracking_Parameters>
        <hst:Exposure_Parameters>
          <hst:exposure_duration unit="s">270.0</hst:exposure_duration>
          <hst:exposure_type>NORMAL</hst:exposure_type>
        </hst:Exposure_Parameters>
        <hst:Wavelength_Filter_Grating_Parameters>
          <hst:filter_name>F165LP</hst:filter_name>
          <hst:center_filter_wavelength unit="micrometer">0.</hst:center_filter_wavelength>
          <hst:bandwidth unit="micrometer">0.</hst:bandwidth>
          <hst:spectral_resolution unit="micrometer">0.</hst:spectral_resolution>
        </hst:Wavelength_Filter_Grating_Parameters>
        <hst:Operational_Parameters>
          <hst:instrument_mode_id>ACCUM</hst:instrument_mode_id>
          <hst:gain_setting>0.</hst:gain_setting>
          <hst:coronagraph_flag>false</hst:coronagraph_flag>
          <hst:cosmic_ray_split_count>1</hst:cosmic_ray_split_count>
          <hst:repeat_exposure_count>1</hst:repeat_exposure_count>
          <hst:subarray_flag>false</hst:subarray_flag>
          <hst:binning_mode>1</hst:binning_mode>
          <hst:plate_scale>0.032</hst:plate_scale>
        </hst:Operational_Parameters>
      </hst:HST_Parameters>
    </Mission_Area>
  </Observation_Area>
  <Reference_List>
    <Internal_Reference>
      <lid_reference>urn:nasa:pds:hst-support:document:acs-dhb</lid_reference>
      <reference_type>data_to_document</reference_type>
      <comment>The Data Handbook for ACS</comment>
    </Internal_Reference>
    <Internal_Reference>
      <lid_reference>urn:nasa:pds:hst-support:document:acs-ihb</lid_reference>
      <reference_type>data_to_document</reference_type>
      <comment>The Instrument Handbook for ACS</comment>
    </Internal_Reference>
  </Reference_List>
  <File_Area_Observational>
    <File>
      <file_name>jbz504eoq_raw.fits</file_name>
    </File>
    <Header>
      <local_identifier>hdu_0</local_identifier>
      <offset unit="byte">0</offset>
      <object_length unit="byte">14400</object_length>
      <parsing_standard_id>FITS 3.0</parsing_standard_id>
      <description>Global FITS Header</description>
    </Header>
    <Header>
      <local_identifier>hdu_1</local_identifier>
      <offset unit="byte">14400</offset>
      <object_length unit="byte">8640</object_length>
      <parsing_standard_id>FITS 3.0</parsing_standard_id>
      <description>FITS Header</description>
    </Header>
    <Array_2D_Image>
      <offset unit="byte">23040</offset>
      <axes>2</axes>
      <axis_index_order>Last Index Fastest</axis_index_order>
      <Element_Array>
        <data_type>SignedMSB2</data_type>
      </Element_Array>
      <Axis_Array>
        <axis_name>Line</axis_name>
        <elements>1024</elements>
        <sequence_number>1</sequence_number>
      </Axis_Array>
      <Axis_Array>
        <axis_name>Sample</axis_name>
        <elements>1024</elements>
        <sequence_number>2</sequence_number>
      </Axis_Array>
    </Array_2D_Image>
    <Header>
      <local_identifier>hdu_2</local_identifier>
      <offset unit="byte">2122560</offset>
      <object_length unit="byte">5760</object_length>
      <parsing_standard_id>FITS 3.0</parsing_standard_id>
      <description>FITS Header</description>
    </Header>
    <Header>
      <local_identifier>hdu_3</local_identifier>
      <offset unit="byte">2128320</offset>
      <object_length unit="byte">5760</object_length>
      <parsing_standard_id>FITS 3.0</parsing_standard_id>
      <description>FITS Header</description>
    </Header>
  </File_Area_Observational>
</Product_Observational>
